<a:observationSetting xmlns:tm="http://www.jmmc.fr/jmcs/models/0.1" xmlns:xsi="http://www.w3.org/2001/XMLSchema-instance" xmlns:a="http://www.jmmc.fr/aspro-oi/0.1">
    <schemaVersion>2018.04</schemaVersion><!--Remove to propose coordinates refresh (may be part of a form parameter to add it) <targetVersion>2019.09</targetVersion>-->
    <name>SearchFTT generated</name>
    <description>This file has been generated by SearchFTT for
    catalogs=Gaia%20DR3&amp;identifiers=83.82190603333%20-5.387936316139999%3B%20tet01%20Ori%20D%3B%20tet01%20Ori%20C%3B%20tet01%20Ori%20B%3B%20NAME%20Sgr%20A%2A%3BHD224803%3BaLeX%20iS%20A%3Beta%20tau%3BSirius%3B%20HD2345%3Bcoup%201%3B%20coup%202&amp;max_AO_mag=12&amp;max_FT_mag=12&amp;max_declinaison=40&amp;max_rank=20&amp;min_score=0</description>
    <when>
        <date>2024-05-15</date>
        <nightRestriction>true</nightRestriction>
        <atmosphereQuality>Average</atmosphereQuality>
    </when><!--<interferometerConfiguration>
        <name>VLTI Period 113</name>
        <minElevation>45.0</minElevation>
    </interferometerConfiguration>
    -->
    <instrumentConfiguration>
        <name>GRAVITY</name><!--<stations>A0 G1 J2 J3</stations>
        <pops></pops>
        <instrumentMode>MEDIUM-COMBINED</instrumentMode>
        <samplingPeriod>60.0</samplingPeriod>
        <acquisitionTime>600.0</acquisitionTime>
        -->
    </instrumentConfiguration>
    <target id="2MASS_J05342926-0523509">
        <name>2MASS J05342926-0523509</name>
        <RA>83.621951907</RA>
        <DEC>-5.39747868206</DEC>
        <EQUINOX>2000.0</EQUINOX>
        <IDS>Gaia DR3 3209424482420904448</IDS>
        <PMRA>6.639</PMRA>
        <PMDEC>-5.161</PMDEC>
    </target>
    <target id="Parenago__1928">
        <name>Parenago  1928</name>
        <RA>83.82967429122</RA>
        <DEC>-5.3908553684</DEC>
        <EQUINOX>2000.0</EQUINOX>
        <IDS>Gaia DR3 3017364059023827968</IDS>
        <PMRA>0.865</PMRA>
        <PMDEC>-0.914</PMDEC>
    </target>
    <target id="HD___2345">
        <name>HD   2345</name>
        <RA>6.79965249707</RA>
        <DEC>-14.248482880310002</DEC>
        <EQUINOX>2000.0</EQUINOX>
        <IDS>HD2345</IDS>
        <PMRA>17.989</PMRA>
        <PMDEC>0.118</PMDEC>
    </target>
    <target id="HD_224803">
        <name>HD 224803</name>
        <RA>0.20702433180999996</RA>
        <DEC>36.78009900429</DEC>
        <EQUINOX>2000.0</EQUINOX>
        <IDS>Gaia DR3 2880169682463575936</IDS>
        <PMRA>-24.63</PMRA>
        <PMDEC>-22.343</PMDEC>
    </target>
    <target id="Gaia_DR3_4057481790956615552">
        <name>Gaia DR3 4057481790956615552</name>
        <RA>266.41663650910374</RA>
        <DEC>-29.012820682096226</DEC>
        <EQUINOX>2000.0</EQUINOX>
        <FLUX_V>22.1017272951708</FLUX_V>
        <FLUX_K>8.617</FLUX_K>
        <FLUX_R>20.91724782761175</FLUX_R>
        <FLUX_G>21.063683</FLUX_G>
    </target>
    <target id="Parenago__1888">
        <name>Parenago  1888</name>
        <RA>83.82073900359</RA>
        <DEC>-5.383601765240001</DEC>
        <EQUINOX>2000.0</EQUINOX>
        <IDS>Gaia DR3 3017364063330453504</IDS>
        <PMRA>3.024</PMRA>
        <PMDEC>1.165</PMDEC>
    </target>
    <target id="__tet01_Ori_A">
        <name>* tet01 Ori A</name>
        <RA>83.81593917292</RA>
        <DEC>-5.3873151943</DEC>
        <EQUINOX>2000.0</EQUINOX>
        <IDS>Gaia DR3 3017364132050194688</IDS>
        <PMRA>1.355</PMRA>
        <PMDEC>0.25</PMDEC>
    </target>
    <target id="__tet01_Ori_B">
        <name>* tet01 Ori B</name>
        <RA>83.81722494169</RA>
        <DEC>-5.38521790118</DEC>
        <EQUINOX>2000.0</EQUINOX>
        <IDS>Gaia DR3 3017364132049943680</IDS>
        <PMRA>1.28</PMRA>
        <PMDEC>1.278</PMDEC>
    </target>
    <target id="__tet01_Ori_C">
        <name>* tet01 Ori C</name>
        <RA>83.8186095697</RA>
        <DEC>-5.3897005033</DEC>
        <EQUINOX>2000.0</EQUINOX>
        <IDS>tet01 Ori C</IDS>
        <PMRA>2.262</PMRA>
        <PMDEC>0.994</PMDEC>
    </target>
    <target id="__tet01_Ori_D">
        <name>* tet01 Ori D</name>
        <RA>83.82190603333</RA>
        <DEC>-5.387936316139999</DEC>
        <EQUINOX>2000.0</EQUINOX>
        <IDS>Gaia DR3 3017364063330465152</IDS>
        <PMRA>1.822</PMRA>
        <PMDEC>0.393</PMDEC>
    </target>
    <target id="_BSD96___17">
        <name>[BSD96]  17</name>
        <RA>266.41160123119</RA>
        <DEC>-29.00115315773</DEC>
        <EQUINOX>2000.0</EQUINOX>
        <IDS>Gaia DR3 4057481821017720832</IDS>
        <PMRA>-0</PMRA>
        <PMDEC>-0</PMDEC>
    </target>
    <target id="__tet01_Ori_E">
        <name>* tet01 Ori E</name>
        <RA>83.81571742286</RA>
        <DEC>-5.38608036575</DEC>
        <EQUINOX>2000.0</EQUINOX>
        <IDS>Gaia DR3 3017364127743288704</IDS>
        <PMRA>1.345</PMRA>
        <PMDEC>1.186</PMDEC>
    </target>
    <target id="V__V1510_Ori">
        <name>V* V1510 Ori</name>
        <RA>83.82316015606</RA>
        <DEC>-5.38243722506</DEC>
        <EQUINOX>2000.0</EQUINOX>
        <IDS>Gaia DR3 3017364063333454336</IDS>
        <PMRA>3.72</PMRA>
        <PMDEC>-0.291</PMDEC>
    </target>
    <target id="COUP___955">
        <name>COUP   955</name>
        <RA>83.826014258</RA>
        <DEC>-5.38767204924</DEC>
        <EQUINOX>2000.0</EQUINOX>
        <IDS>Gaia DR3 3017364063325254528</IDS>
        <PMRA>2.358</PMRA>
        <PMDEC>0.791</PMDEC>
    </target>
    <target id="V__V2299_Ori">
        <name>V* V2299 Ori</name>
        <RA>83.82111241289</RA>
        <DEC>-5.39279017464</DEC>
        <EQUINOX>2000.0</EQUINOX>
        <IDS>Gaia DR3 3017364059023817600</IDS>
        <PMRA>0.733</PMRA>
        <PMDEC>0.958</PMDEC>
    </target>
    <target id="2MASS_J05351543-0523454">
        <name>2MASS J05351543-0523454</name>
        <RA>83.81433646</RA>
        <DEC>-5.39595976738</DEC>
        <EQUINOX>2000.0</EQUINOX>
        <IDS>Gaia DR3 3017363960241964032</IDS>
        <PMRA>2.872</PMRA>
        <PMDEC>-0.999</PMDEC>
    </target>
    <target id="TCC__32">
        <name>TCC  32</name>
        <RA>83.81467851101</RA>
        <DEC>-5.3937183226</DEC>
        <EQUINOX>2000.0</EQUINOX>
        <IDS>Gaia DR3 3017363955944596224</IDS>
        <PMRA>-0</PMRA>
        <PMDEC>-0</PMDEC>
    </target>
    <target id="COUP___672">
        <name>COUP   672</name>
        <RA>83.81228749549</RA>
        <DEC>-5.39422937982</DEC>
        <EQUINOX>2000.0</EQUINOX>
        <IDS>Gaia DR3 3017363960237919616</IDS>
        <PMRA>0.869</PMRA>
        <PMDEC>-0.361</PMDEC>
    </target>
    <target id="__eta_Tau">
        <name>* eta Tau</name>
        <RA>56.871152303749994</RA>
        <DEC>24.105135651944444</DEC>
        <EQUINOX>2000.0</EQUINOX>
        <IDS>eta tau</IDS>
        <PMRA>19.34</PMRA>
        <PMDEC>-43.67</PMDEC>
    </target>
    <target id="Parenago__1912">
        <name>Parenago  1912</name>
        <RA>83.82425582523</RA>
        <DEC>-5.38766215725</DEC>
        <EQUINOX>2000.0</EQUINOX>
        <IDS>Gaia DR3 3017364059023821696</IDS>
        <PMRA>0.152</PMRA>
        <PMDEC>0.429</PMDEC>
    </target>
    <target id="Gaia_DR3_4057481752298265216">
        <name>Gaia DR3 4057481752298265216</name>
        <RA>266.4254947524834</RA>
        <DEC>-29.008128661825634</DEC>
        <EQUINOX>2000.0</EQUINOX>
        <FLUX_V>20.874588071232495</FLUX_V>
        <FLUX_K>10.575</FLUX_K>
        <FLUX_R>19.515576357293508</FLUX_R>
        <PMRA>-1.1124014911335738</PMRA>
        <PMDEC>-2.5729544506674165</PMDEC>
        <FLUX_G>19.5717</FLUX_G>
    </target>
    <target id="Gaia_DR3_4057481752293115648">
        <name>Gaia DR3 4057481752293115648</name>
        <RA>266.42402708634876</RA>
        <DEC>-29.010020689912867</DEC>
        <EQUINOX>2000.0</EQUINOX>
        <FLUX_V>17.731985797974453</FLUX_V>
        <FLUX_K>9.365</FLUX_K>
        <FLUX_R>16.89770187717456</FLUX_R>
        <PMRA>4.395396690940342</PMRA>
        <PMDEC>-4.044595827277767</PMDEC>
        <FLUX_G>17.157705</FLUX_G>
    </target>
    <target id="V__V2336_Ori">
        <name>V* V2336 Ori</name>
        <RA>83.82793740994</RA>
        <DEC>-5.38245734645</DEC>
        <EQUINOX>2000.0</EQUINOX>
        <IDS>Gaia DR3 3017364063333443328</IDS>
        <PMRA>1.016</PMRA>
        <PMDEC>1.972</PMDEC>
    </target>
    <target id="Gaia_DR3_4057481821012592512">
        <name>Gaia DR3 4057481821012592512</name>
        <RA>266.42246474505515</RA>
        <DEC>-29.006448440922863</DEC>
        <EQUINOX>2000.0</EQUINOX>
        <FLUX_V>17.386193397690704</FLUX_V>
        <FLUX_K>9.124</FLUX_K>
        <FLUX_R>16.43564498715447</FLUX_R>
        <PMRA>3.0911871971305596</PMRA>
        <PMDEC>-0.6168269543335991</PMDEC>
        <FLUX_G>16.668991</FLUX_G>
    </target>
    <target id="USNO-A2.0_0600-28577051">
        <name>USNO-A2.0 0600-28577051</name>
        <RA>266.41965715654</RA>
        <DEC>-29.00314829888</DEC>
        <EQUINOX>2000.0</EQUINOX>
        <IDS>Gaia DR3 4057481825314605312</IDS>
        <PMRA>0.905</PMRA>
        <PMDEC>-5.55</PMDEC>
    </target>
    <target id="83.82190603333_-5.387936316139999">
        <name>83.82190603333 -5.387936316139999</name>
        <RA>83.82190603333</RA>
        <DEC>-5.387936316139999</DEC>
        <EQUINOX>2000.0</EQUINOX>
    </target>
    <target id="Gaia_DR3_4057481825314608896">
        <name>Gaia DR3 4057481825314608896</name>
        <RA>266.4135480361086</RA>
        <DEC>-29.001176131681337</DEC>
        <EQUINOX>2000.0</EQUINOX>
        <FLUX_V>17.877473645584036</FLUX_V>
        <FLUX_K>8.942</FLUX_K>
        <FLUX_R>16.865889561350684</FLUX_R>
        <PMRA>0.5251249203792457</PMRA>
        <PMDEC>-1.0400939891683403</PMDEC>
        <FLUX_G>17.080652</FLUX_G>
    </target>
    <target id="_OW94__147-302">
        <name>[OW94] 147-302</name>
        <RA>83.81110348443</RA>
        <DEC>-5.38383738189</DEC>
        <EQUINOX>2000.0</EQUINOX>
        <IDS>Gaia DR3 3017364132050195072</IDS>
        <PMRA>2.08</PMRA>
        <PMDEC>-1.46</PMDEC>
    </target>
    <target id="COUP___742">
        <name>COUP   742</name>
        <RA>83.81598940476</RA>
        <DEC>-5.379400427889999</DEC>
        <EQUINOX>2000.0</EQUINOX>
        <IDS>Gaia DR3 3017364132049929984</IDS>
        <PMRA>1.246</PMRA>
        <PMDEC>-2.36</PMDEC>
    </target>
    <target id="Gaia_DR3_4057481786652843136">
        <name>Gaia DR3 4057481786652843136</name>
        <RA>266.4175018194816</RA>
        <DEC>-29.014309211016087</DEC>
        <EQUINOX>2000.0</EQUINOX>
        <FLUX_V>19.257591381676864</FLUX_V>
        <FLUX_K>8.466</FLUX_K>
        <FLUX_R>18.250014065460256</FLUX_R>
        <PMRA>-3.760807551977262</PMRA>
        <PMDEC>-3.7957152987798413</PMDEC>
        <FLUX_G>18.46609</FLUX_G>
    </target>
    <target id="2MASS_J05342945-0523374">
        <name>2MASS J05342945-0523374</name>
        <RA>83.62273598326</RA>
        <DEC>-5.39371787728</DEC>
        <EQUINOX>2000.0</EQUINOX>
        <IDS>coup 1</IDS>
        <PMRA>1.212</PMRA>
        <PMDEC>-0.083</PMDEC>
    </target>
    <target id="Gaia_DR3_3017364063331576192">
        <name>Gaia DR3 3017364063331576192</name>
        <RA>83.81980410145638</RA>
        <DEC>-5.3878993462393066</DEC>
        <EQUINOX>2000.0</EQUINOX>
        <FLUX_K>8.448</FLUX_K>
        <FLUX_G>13.797343</FLUX_G>
    </target>
    <target id="COUP__1000">
        <name>COUP  1000</name>
        <RA>83.82864852443</RA>
        <DEC>-5.3913570578600005</DEC>
        <EQUINOX>2000.0</EQUINOX>
        <IDS>Gaia DR3 3017364063333461376</IDS>
        <PMRA>0.277</PMRA>
        <PMDEC>1.301</PMDEC>
    </target>
    <target id="Parenago__1861">
        <name>Parenago  1861</name>
        <RA>83.81452052209</RA>
        <DEC>-5.38016119973</DEC>
        <EQUINOX>2000.0</EQUINOX>
        <IDS>Gaia DR3 3017364127743287680</IDS>
        <PMRA>1.757</PMRA>
        <PMDEC>-0.241</PMDEC>
    </target>
    <target id="Parenago__1866">
        <name>Parenago  1866</name>
        <RA>83.81554420913541</RA>
        <DEC>-5.389577392020833</DEC>
        <EQUINOX>2000.0</EQUINOX>
        <IDS>Gaia DR3 3017363960251507712</IDS>
        <PMRA>2.54</PMRA>
        <PMDEC>-0.907</PMDEC>
    </target>
    <target id="COUP___980">
        <name>COUP   980</name>
        <RA>83.82707306465</RA>
        <DEC>-5.391475183660002</DEC>
        <EQUINOX>2000.0</EQUINOX>
        <IDS>Gaia DR3 3017364063323073664</IDS>
        <PMRA>0.578</PMRA>
        <PMDEC>-0.127</PMDEC>
    </target>
    <target id="HIP_70">
        <name>HIP 70</name>
        <RA>0.20272295647000002</RA>
        <DEC>36.77757263347</DEC>
        <EQUINOX>2000.0</EQUINOX>
        <IDS>Gaia DR3 2880169888622006272</IDS>
        <PMRA>-25.179</PMRA>
        <PMDEC>-21.605</PMDEC>
    </target>
    <target id="__alf_CMa">
        <name>* alf CMa</name>
        <RA>101.28715533333335</RA>
        <DEC>-16.71611586111111</DEC>
        <EQUINOX>2000.0</EQUINOX>
        <IDS>Sirius</IDS>
        <PMRA>-546.01</PMRA>
        <PMDEC>-1223.07</PMDEC>
    </target>
    <target id="Parenago__1867">
        <name>Parenago  1867</name>
        <RA>83.81599697065457</RA>
        <DEC>-5.389575105200833</DEC>
        <EQUINOX>2000.0</EQUINOX>
        <IDS>Gaia DR3 3017364063323198080</IDS>
        <PMRA>2.289</PMRA>
        <PMDEC>-0.243</PMDEC>
    </target>
    <target id="V__V2325_Ori">
        <name>V* V2325 Ori</name>
        <RA>83.82586028337</RA>
        <DEC>-5.39330693701</DEC>
        <EQUINOX>2000.0</EQUINOX>
        <IDS>Gaia DR3 3017364063330467072</IDS>
        <PMRA>1.57</PMRA>
        <PMDEC>-0.033</PMDEC>
    </target>
    <target id="Gaia_DR3_4057481821012592640">
        <name>Gaia DR3 4057481821012592640</name>
        <RA>266.4217926781761</RA>
        <DEC>-29.009459857028105</DEC>
        <EQUINOX>2000.0</EQUINOX>
        <FLUX_V>17.299442789106006</FLUX_V>
        <FLUX_K>9.091</FLUX_K>
        <FLUX_R>16.463474042279675</FLUX_R>
        <PMRA>3.143568903866374</PMRA>
        <PMDEC>-2.61879673141837</PMDEC>
        <FLUX_G>16.723177</FLUX_G>
    </target>
    <target id="Gaia_DR3_4057481821012592768">
        <name>Gaia DR3 4057481821012592768</name>
        <RA>266.4230452811489</RA>
        <DEC>-29.007967423953733</DEC>
        <EQUINOX>2000.0</EQUINOX>
        <FLUX_V>18.21663592614079</FLUX_V>
        <FLUX_K>8.939</FLUX_K>
        <FLUX_R>17.351564492178337</FLUX_R>
        <PMRA>-0.6985927768116281</PMRA>
        <PMDEC>-7.5547531465862345</PMDEC>
        <FLUX_G>17.605669</FLUX_G>
    </target>
    <target id="NAME_Sgr_A_">
        <name>NAME Sgr A*</name>
        <RA>266.41681662499997</RA>
        <DEC>-29.00782497222222</DEC>
        <EQUINOX>2000.0</EQUINOX>
        <PMRA>-0</PMRA>
        <PMDEC>-0</PMDEC>
    </target>
    <target id="_KPM2006____4">
        <name>[KPM2006]   4</name>
        <RA>83.6231106557</RA>
        <DEC>-5.395467462139999</DEC>
        <EQUINOX>2000.0</EQUINOX>
        <IDS>Gaia DR3 3209424486715714432</IDS>
        <PMRA>6.41</PMRA>
        <PMDEC>-5.563</PMDEC>
    </target>
    <target id="V__V348_Ori">
        <name>V* V348 Ori</name>
        <RA>83.81514703646</RA>
        <DEC>-5.38234955363</DEC>
        <EQUINOX>2000.0</EQUINOX>
        <IDS>Gaia DR3 3017364127743288320</IDS>
        <PMRA>1.107</PMRA>
        <PMDEC>1.524</PMDEC>
    </target>
    <target id="Gaia_DR3_66714384142368256">
        <name>Gaia DR3 66714384142368256</name>
        <RA>56.87125084725649</RA>
        <DEC>24.10493447522506</DEC>
        <EQUINOX>2000.0</EQUINOX>
        <FLUX_V>2.9185610220567373</FLUX_V>
        <FLUX_K>2.636</FLUX_K>
        <FLUX_R>2.839005768292603</FLUX_R>
        <FLUX_G>2.896132</FLUX_G>
    </target>
    <target id="COUP___776">
        <name>COUP   776</name>
        <RA>83.81746068375</RA>
        <DEC>-5.37707280764</DEC>
        <EQUINOX>2000.0</EQUINOX>
        <IDS>Gaia DR3 3017364132052912768</IDS>
        <PMRA>1.068</PMRA>
        <PMDEC>-0.081</PMDEC>
    </target>
    <target id="COUP___690">
        <name>COUP   690</name>
        <RA>83.813377315</RA>
        <DEC>-5.388552107119999</DEC>
        <EQUINOX>2000.0</EQUINOX>
        <IDS>Gaia DR3 3017364028973938816</IDS>
        <PMRA>-0</PMRA>
        <PMDEC>-0</PMDEC>
    </target>
    <target id="Brun_283">
        <name>Brun 283</name>
        <RA>83.6218664744031</RA>
        <DEC>-5.3991079591284</DEC>
        <EQUINOX>2000.0</EQUINOX>
        <IDS>coup 2</IDS>
        <PMRA>2.113</PMRA>
        <PMDEC>5.296</PMDEC>
    </target>
    <target id="2MASS_J05351493-0523289">
        <name>2MASS J05351493-0523289</name>
        <RA>83.81222021414</RA>
        <DEC>-5.391393632429999</DEC>
        <EQUINOX>2000.0</EQUINOX>
        <IDS>Gaia DR3 3017363955944591872</IDS>
        <PMRA>0.251</PMRA>
        <PMDEC>1.318</PMDEC>
    </target>
    <target id="V__V2279_Ori">
        <name>V* V2279 Ori</name>
        <RA>83.81646105694</RA>
        <DEC>-5.39722137206</DEC>
        <EQUINOX>2000.0</EQUINOX>
        <IDS>Gaia DR3 3017363955944598016</IDS>
        <PMRA>0.517</PMRA>
        <PMDEC>-1.881</PMDEC>
    </target>
    <target id="2MASS_J05351431-0523082">
        <name>2MASS J05351431-0523082</name>
        <RA>83.80964335532</RA>
        <DEC>-5.38564018921</DEC>
        <EQUINOX>2000.0</EQUINOX>
        <IDS>Gaia DR3 3017364028970732160</IDS>
        <PMRA>-0</PMRA>
        <PMDEC>-0</PMDEC>
    </target>
    <target id="">
        <name/>
        <RA/>
        <DEC/>
        <EQUINOX>2000.0</EQUINOX>
        <IDS>aLeX iS A</IDS>
        <PMRA>-0</PMRA>
        <PMDEC>-0</PMDEC>
    </target>
    <target id="V__AF_Ori">
        <name>V* AF Ori</name>
        <RA>83.8277766879</RA>
        <DEC>-5.38720740986</DEC>
        <EQUINOX>2000.0</EQUINOX>
        <IDS>Gaia DR3 3017364059023825280</IDS>
        <PMRA>1.385</PMRA>
        <PMDEC>0.15</PMDEC>
    </target>
    <targetUserInfos>
        <group id="JMMC_AO">
            <name>AO Star</name>
            <category>[OB]</category>
            <description>Group indicating stars used by the Adaptive Optics system</description>
            <color>#F781BF</color>
        </group>
        <group id="JMMC_FT">
            <name>FT Star</name>
            <category>[OB]</category>
            <description>Group gathering stars used by the Fringe Tracking system</description>
            <color>#75C147</color>
        </group>
        <group id="JMMC_GUIDE">
            <name>Guide Star</name>
            <category>[OB]</category>
            <description>Group indicating stars used by the telescope guiding</description>
            <color>#5BAFD6</color>
        </group>
        <groupMembers>
            <groupRef>JMMC_AO</groupRef>
            <targets>__tet01_Ori_B __tet01_Ori_C __tet01_Ori_D HIP_70 Gaia_DR3_66714384142368256 __tet01_Ori_A __tet01_Ori_B __tet01_Ori_D __tet01_Ori_E __tet01_Ori_A __tet01_Ori_E __tet01_Ori_B __tet01_Ori_C Brun_283</targets>
        </groupMembers>
        <groupMembers>
            <groupRef>JMMC_FT</groupRef>
            <targets>V__V1510_Ori COUP___955 Gaia_DR3_3017364063331576192 V__V2299_Ori Parenago__1866 Parenago__1888 Parenago__1912 Parenago__1867 __tet01_Ori_A __tet01_Ori_B __tet01_Ori_C __tet01_Ori_D __tet01_Ori_E V__AF_Ori 2MASS_J05342926-0523509 _KPM2006____4 HIP_70 Gaia_DR3_66714384142368256 __tet01_Ori_A __tet01_Ori_B __tet01_Ori_D Gaia_DR3_3017364063331576192 V__V2299_Ori __tet01_Ori_E Parenago__1866 Parenago__1867 V__V348_Ori __tet01_Ori_A __tet01_Ori_C Gaia_DR3_3017364063331576192 Parenago__1866 Parenago__1888 __tet01_Ori_E Parenago__1867 V__V1510_Ori COUP___955 Gaia_DR3_3017364063331576192 V__V2299_Ori Parenago__1866 Parenago__1888 Parenago__1912 Parenago__1867 __tet01_Ori_A __tet01_Ori_B __tet01_Ori_C __tet01_Ori_E V__AF_Ori 2MASS_J05342926-0523509 Brun_283 _KPM2006____4</targets>
        </groupMembers>
        <targetInfo>
            <targetRef>HD___2345</targetRef>
            <groupMembers>
                <groupRef>JMMC_AO</groupRef>
                <targets/>
            </groupMembers>
            <groupMembers>
                <groupRef>JMMC_FT</groupRef>
                <targets/>
            </groupMembers>
        </targetInfo>
        <targetInfo>
            <targetRef>83.82190603333_-5.387936316139999</targetRef>
            <groupMembers>
                <groupRef>JMMC_AO</groupRef>
                <targets>__tet01_Ori_B __tet01_Ori_C __tet01_Ori_D</targets>
            </groupMembers>
            <groupMembers>
                <groupRef>JMMC_FT</groupRef>
                <targets>V__V1510_Ori COUP___955 Gaia_DR3_3017364063331576192 V__V2299_Ori Parenago__1866 Parenago__1888 Parenago__1912 Parenago__1867 __tet01_Ori_A __tet01_Ori_B __tet01_Ori_C __tet01_Ori_D __tet01_Ori_E V__AF_Ori</targets>
            </groupMembers>
        </targetInfo>
        <targetInfo>
            <targetRef>Brun_283</targetRef>
            <groupMembers>
                <groupRef>JMMC_AO</groupRef>
                <targets/>
            </groupMembers>
            <groupMembers>
                <groupRef>JMMC_FT</groupRef>
                <targets>2MASS_J05342926-0523509 _KPM2006____4</targets>
            </groupMembers>
        </targetInfo>
        <targetInfo>
            <targetRef>HD_224803</targetRef>
            <groupMembers>
                <groupRef>JMMC_AO</groupRef>
                <targets>HIP_70</targets>
            </groupMembers>
            <groupMembers>
                <groupRef>JMMC_FT</groupRef>
                <targets>HIP_70</targets>
            </groupMembers>
        </targetInfo>
        <targetInfo>
            <targetRef>__eta_Tau</targetRef>
            <groupMembers>
                <groupRef>JMMC_AO</groupRef>
                <targets>Gaia_DR3_66714384142368256</targets>
            </groupMembers>
            <groupMembers>
                <groupRef>JMMC_FT</groupRef>
                <targets>Gaia_DR3_66714384142368256</targets>
            </groupMembers>
        </targetInfo>
        <targetInfo>
            <targetRef>__tet01_Ori_C</targetRef>
            <groupMembers>
                <groupRef>JMMC_AO</groupRef>
                <targets>__tet01_Ori_A __tet01_Ori_B __tet01_Ori_D __tet01_Ori_E</targets>
            </groupMembers>
            <groupMembers>
                <groupRef>JMMC_FT</groupRef>
                <targets>__tet01_Ori_A __tet01_Ori_B __tet01_Ori_D Gaia_DR3_3017364063331576192 V__V2299_Ori __tet01_Ori_E Parenago__1866 Parenago__1867</targets>
            </groupMembers>
        </targetInfo>
        <targetInfo>
            <targetRef>__tet01_Ori_B</targetRef>
            <groupMembers>
                <groupRef>JMMC_AO</groupRef>
                <targets>__tet01_Ori_A __tet01_Ori_E</targets>
            </groupMembers>
            <groupMembers>
                <groupRef>JMMC_FT</groupRef>
                <targets>V__V348_Ori __tet01_Ori_A __tet01_Ori_C Gaia_DR3_3017364063331576192 Parenago__1866 Parenago__1888 __tet01_Ori_E Parenago__1867</targets>
            </groupMembers>
        </targetInfo>
        <targetInfo>
            <targetRef>__tet01_Ori_D</targetRef>
            <groupMembers>
                <groupRef>JMMC_AO</groupRef>
                <targets>__tet01_Ori_B __tet01_Ori_C</targets>
            </groupMembers>
            <groupMembers>
                <groupRef>JMMC_FT</groupRef>
                <targets>V__V1510_Ori COUP___955 Gaia_DR3_3017364063331576192 V__V2299_Ori Parenago__1866 Parenago__1888 Parenago__1912 Parenago__1867 __tet01_Ori_A __tet01_Ori_B __tet01_Ori_C __tet01_Ori_E V__AF_Ori</targets>
            </groupMembers>
        </targetInfo>
        <targetInfo>
            <targetRef>2MASS_J05342945-0523374</targetRef>
            <groupMembers>
                <groupRef>JMMC_AO</groupRef>
                <targets>Brun_283</targets>
            </groupMembers>
            <groupMembers>
                <groupRef>JMMC_FT</groupRef>
                <targets>2MASS_J05342926-0523509 Brun_283 _KPM2006____4</targets>
            </groupMembers>
        </targetInfo>
    </targetUserInfos>
    <variant>
        <stations>UT1 UT2 UT3 UT4</stations>
    </variant>
</a:observationSetting>