<a:observationSetting xmlns:tm="http://www.jmmc.fr/jmcs/models/0.1" xmlns:xsi="http://www.w3.org/2001/XMLSchema-instance" xmlns:a="http://www.jmmc.fr/aspro-oi/0.1">
    <schemaVersion>2018.04</schemaVersion><!--Remove to propose coordinates refresh (may be part of a form parameter to add it) <targetVersion>2019.09</targetVersion>-->
    <name>SearchFTT generated</name>
    <description>This file has been generated by SearchFTT for
    identifiers=HD%20195019</description>
    <when>
        <date>2024-06-12</date>
        <nightRestriction>true</nightRestriction>
        <atmosphereQuality>Average</atmosphereQuality>
    </when><!--<interferometerConfiguration>
        <name>VLTI Period 113</name>
        <minElevation>45.0</minElevation>
    </interferometerConfiguration>
    -->
    <instrumentConfiguration>
        <name>GRAVITY</name><!--<stations>A0 G1 J2 J3</stations>
        <pops></pops>
        <instrumentMode>MEDIUM-COMBINED</instrumentMode>
        <samplingPeriod>60.0</samplingPeriod>
        <acquisitionTime>600.0</acquisitionTime>
        -->
    </instrumentConfiguration>
    <target id="HD_195019">
        <name>HD 195019</name>
        <RA>307.0776528398445</RA>
        <DEC>18.769494565131108</DEC>
        <EQUINOX>2000.0</EQUINOX>
        <IDS>Gaia DR3 1815418118373631360</IDS>
        <PMRA>349.62</PMRA>
        <PMDEC>-56.618</PMDEC>
    </target>
    <targetUserInfos>
        <group id="JMMC_AO">
            <name>AO Star</name>
            <category>[OB]</category>
            <description>Group indicating stars used by the Adaptive Optics system</description>
            <color>#F781BF</color>
        </group>
        <group id="JMMC_FT">
            <name>FT Star</name>
            <category>[OB]</category>
            <description>Group gathering stars used by the Fringe Tracking system</description>
            <color>#75C147</color>
        </group>
        <group id="JMMC_GUIDE">
            <name>Guide Star</name>
            <category>[OB]</category>
            <description>Group indicating stars used by the telescope guiding</description>
            <color>#5BAFD6</color>
        </group>
        <groupMembers>
            <groupRef>JMMC_AO</groupRef>
            <targets/>
        </groupMembers>
        <groupMembers>
            <groupRef>JMMC_FT</groupRef>
            <targets/>
        </groupMembers>
        <targetInfo>
            <targetRef>HD_195019</targetRef>
            <groupMembers>
                <groupRef>JMMC_AO</groupRef>
                <targets/>
            </groupMembers>
            <groupMembers>
                <groupRef>JMMC_FT</groupRef>
                <targets/>
            </groupMembers>
        </targetInfo>
    </targetUserInfos>
    <variant>
        <stations>UT1 UT2 UT3 UT4</stations>
    </variant>
</a:observationSetting>